// Jest Snapshot v1, https://goo.gl/fbAQLP

exports[`<Animated> does not animate when props other than nodes or links change 1`] = `
<Container
  animated={true}
  circleProps={Object {}}
  duration={1}
  easing={[Function]}
  gProps={Object {}}
  getChildren={[Function]}
  height={100}
  keyProp="name"
  labelProp="name"
  links={
    Array [
      Object {
        "source": Object {
          "data": Object {
            "name": "Colour",
          },
          "x": 1,
          "y": 2,
        },
        "target": Object {
          "data": Object {
            "name": "Black",
          },
          "x": 1,
          "y": 2,
        },
      },
    ]
  }
  nodeOffset={5}
  nodeRadius={1}
  nodes={
    Array [
      Object {
        "data": Object {
          "name": "Colour",
        },
        "x": 1,
        "y": 2,
      },
      Object {
        "data": Object {
          "name": "Black",
        },
        "x": 1,
        "y": 2,
      },
    ]
  }
  pathProps={Object {}}
  steps={1}
  svgProps={Object {}}
  textProps={Object {}}
  width={100}
/>
`;

exports[`<Animated> does nothing when not enabled 1`] = `
<Animated
  animated={false}
  circleProps={Object {}}
  duration={1}
  easing={[Function]}
  gProps={Object {}}
  getChildren={[Function]}
  height={100}
  keyProp="name"
  labelProp="name"
  links={
    Array [
      Object {
        "source": Object {
          "data": Object {
            "name": "Colour",
          },
          "x": 1,
          "y": 2,
        },
        "target": Object {
          "data": Object {
            "name": "Black",
          },
          "x": 100,
          "y": 50,
        },
      },
    ]
  }
  nodeOffset={1}
  nodeRadius={1}
  nodes={
    Array [
      Object {
        "data": Object {
          "name": "Colour",
        },
        "x": 1,
        "y": 2,
      },
      Object {
        "data": Object {
          "name": "Black",
        },
        "x": 120,
        "y": 80,
      },
    ]
  }
  pathProps={Object {}}
  steps={1}
  svgProps={Object {}}
  textProps={Object {}}
  width={100}
>
  <Container
    animated={false}
    circleProps={Object {}}
    duration={1}
    easing={[Function]}
    gProps={Object {}}
    getChildren={[Function]}
    height={100}
    keyProp="name"
    labelProp="name"
    links={
      Array [
        Object {
          "source": Object {
            "data": Object {
              "name": "Colour",
            },
            "x": 1,
            "y": 2,
          },
          "target": Object {
            "data": Object {
              "name": "Black",
            },
            "x": 100,
            "y": 50,
          },
        },
      ]
    }
    nodeOffset={1}
    nodeRadius={1}
    nodes={
      Array [
        Object {
          "data": Object {
            "name": "Colour",
          },
          "x": 1,
          "y": 2,
        },
        Object {
          "data": Object {
            "name": "Black",
          },
          "x": 120,
          "y": 80,
        },
      ]
    }
    pathProps={Object {}}
    steps={1}
    svgProps={Object {}}
    textProps={Object {}}
    width={100}
  >
    <svg
      height={100}
      width={100}
    >
      <Link
        key="Black"
        keyProp="name"
        pathProps={Object {}}
        source={
          Object {
            "data": Object {
              "name": "Colour",
            },
            "x": 1,
            "y": 2,
          }
        }
        target={
          Object {
            "data": Object {
              "name": "Black",
            },
            "x": 100,
            "y": 50,
          }
        }
        x1={1}
        x2={100}
        y1={2}
        y2={50}
      >
        <path
          d="M2,1C26,1 26,100 50,100"
        />
      </Link>
      <Node
        circleProps={Object {}}
        gProps={Object {}}
        key="Colour"
        keyProp="name"
        labelProp="name"
        name="Colour"
        offset={1}
        radius={1}
        textProps={Object {}}
        x={1}
        y={2}
      >
        <g
          transform="translate(2, 1)"
        >
          <circle
            r={1}
          />
          <text
            dx={1.5}
            dy={1}
          >
            Colour
          </text>
        </g>
      </Node>
      <Node
        circleProps={Object {}}
        gProps={Object {}}
        key="Black"
        keyProp="name"
        labelProp="name"
        name="Black"
        offset={1}
        radius={1}
        textProps={Object {}}
        x={120}
        y={80}
      >
        <g
          transform="translate(80, 120)"
        >
          <circle
            r={1}
          />
          <text
            dx={1.5}
            dy={1}
          >
            Black
          </text>
        </g>
      </Node>
    </svg>
  </Container>
</Animated>
`;

exports[`<Animated> renders correctly and sets initial state 1`] = `
<Container
  animated={true}
  circleProps={Object {}}
  duration={1}
  easing={[Function]}
  gProps={Object {}}
  getChildren={[Function]}
  height={100}
  keyProp="name"
  labelProp="name"
  links={
    Array [
      Object {
        "source": Object {
          "data": Object {
            "name": "Colour",
          },
          "x": 1,
          "y": 2,
        },
        "target": Object {
          "data": Object {
            "name": "Black",
          },
          "x": 1,
          "y": 2,
        },
      },
    ]
  }
  nodeOffset={1}
  nodeRadius={1}
  nodes={
    Array [
      Object {
        "data": Object {
          "name": "Colour",
        },
        "x": 1,
        "y": 2,
      },
      Object {
        "data": Object {
          "name": "Black",
        },
        "x": 1,
        "y": 2,
      },
    ]
  }
  pathProps={Object {}}
  steps={1}
  svgProps={Object {}}
  textProps={Object {}}
  width={100}
/>
`;
