// Jest Snapshot v1, https://jestjs.io/docs/snapshot-testing

exports[`<Tree> renders correctly 1`] = `
<Container
  direction="ltr"
  gProps={
    {
      "className": "node",
    }
  }
  getChildren={[Function]}
  height={100}
  keyProp="name"
  labelProp="name"
  links={
    [
      {
        "source": {
          "children": [
            Node {
              "data": {
                "name": "Black",
              },
              "depth": 1,
              "height": 0,
              "parent": Node {
                "children": [Circular],
                "data": {
                  "children": [
                    {
                      "name": "Black",
                    },
                  ],
                  "name": "Colour",
                },
                "depth": 0,
                "height": 1,
                "parent": null,
                "x": 40,
                "y": 0,
              },
              "x": 40,
              "y": 30,
            },
          ],
          "data": {
            "children": [
              {
                "name": "Black",
              },
            ],
            "name": "Colour",
          },
          "depth": 0,
          "height": 1,
          "parent": null,
          "x": 0,
          "y": 40,
        },
        "target": {
          "data": {
            "name": "Black",
          },
          "depth": 1,
          "height": 0,
          "parent": Node {
            "children": [
              Node {
                "data": {
                  "name": "Black",
                },
                "depth": 1,
                "height": 0,
                "parent": [Circular],
                "x": 40,
                "y": 30,
              },
            ],
            "data": {
              "children": [
                {
                  "name": "Black",
                },
              ],
              "name": "Colour",
            },
            "depth": 0,
            "height": 1,
            "parent": null,
            "x": 40,
            "y": 0,
          },
          "x": 30,
          "y": 40,
        },
      },
    ]
  }
  margins={
    {
      "bottom": 10,
      "left": 20,
      "right": 150,
      "top": 10,
    }
  }
  nodeProps={{}}
  nodeShape="circle"
  nodes={
    [
      {
        "children": [
          Node {
            "data": {
              "name": "Black",
            },
            "depth": 1,
            "height": 0,
            "parent": Node {
              "children": [Circular],
              "data": {
                "children": [
                  {
                    "name": "Black",
                  },
                ],
                "name": "Colour",
              },
              "depth": 0,
              "height": 1,
              "parent": null,
              "x": 40,
              "y": 0,
            },
            "x": 40,
            "y": 30,
          },
        ],
        "data": {
          "children": [
            {
              "name": "Black",
            },
          ],
          "name": "Colour",
        },
        "depth": 0,
        "height": 1,
        "parent": null,
        "x": 0,
        "y": 40,
      },
      {
        "data": {
          "name": "Black",
        },
        "depth": 1,
        "height": 0,
        "parent": Node {
          "children": [
            Node {
              "data": {
                "name": "Black",
              },
              "depth": 1,
              "height": 0,
              "parent": [Circular],
              "x": 40,
              "y": 30,
            },
          ],
          "data": {
            "children": [
              {
                "name": "Black",
              },
            ],
            "name": "Colour",
          },
          "depth": 0,
          "height": 1,
          "parent": null,
          "x": 40,
          "y": 0,
        },
        "x": 30,
        "y": 40,
      },
    ]
  }
  pathProps={
    {
      "className": "link",
    }
  }
  svgProps={{}}
  textProps={{}}
  width={200}
/>
`;
